// Jest Snapshot v1, https://goo.gl/fbAQLP

exports[`AddContact renders correctly 1`] = `
<Container
  style={
    Object {
      "backgroundColor": "#fff",
      "flex": 1,
      "height": 1334,
    }
  }
>
  <Styled(Content)>
    <Styled(Card)>
      <Styled(CardItem)
        bordered={true}
        button={true}
        key="0"
        onPress={[Function]}
        testID="addContactButton"
      >
        <Styled(Text)>
          Test Name
        </Styled(Text)>
      </Styled(CardItem)>
    </Styled(Card)>
  </Styled(Content)>
</Container>
`;
