// Jest Snapshot v1, https://goo.gl/fbAQLP

exports[`CalendarView renders correctly 1`] = `
<ViewNB
  style={
    Array [
      Object {},
      Object {
        "marginBottom": "5%",
        "marginTop": "5%",
      },
    ]
  }
>
  <Calendar
    markedDates={
      Object {
        "2018-10-02": Object {
          "marked": true,
        },
        "2018-10-06": Object {
          "marked": true,
        },
        "2018-10-19": Object {
          "marked": true,
        },
      }
    }
    onDayLongPress={[Function]}
    onDayPress={[Function]}
    testID="calendar"
  />
</ViewNB>
`;
