// Jest Snapshot v1, https://goo.gl/fbAQLP

exports[`CreateSession renders correctly 1`] = `
<Container
  style={
    Object {
      "backgroundColor": "#fff",
      "flex": 1,
      "height": 1334,
    }
  }
>
  <Styled(Content)
    padder={true}
    scrollEnabled={true}
  >
    <Styled(Text)>
       Title 
    </Styled(Text)>
    <Styled(Item)
      rounded={true}
    >
      <Styled(Input)
        onChangeText={[Function]}
        value={null}
      />
    </Styled(Item)>
    <Styled(Text)>
       Date and time 
    </Styled(Text)>
    <Styled(Item)
      rounded={true}
    >
      <TouchableOpacity
        activeOpacity={0.2}
        onPress={[Function]}
      >
        <t
          ago={false}
          calendar={false}
          decimal={false}
          element={[Function]}
          filter={[Function]}
          format="DD.MM HH:mm"
          fromNow={false}
          interval={60000}
          onChange={[Function]}
          titleFormat=""
          toNow={false}
          unit={null}
          unix={false}
          utc={false}
          withTitle={false}
        >
          <Component />
        </t>
      </TouchableOpacity>
      <CustomDatePickerIOS
        cancelTextIOS="Cancel"
        confirmTextIOS="Confirm"
        date={2018-10-07T08:45:05.707Z}
        isVisible={false}
        mode="datetime"
        neverDisableConfirmIOS={false}
        onCancel={[Function]}
        onConfirm={[Function]}
        onDateChange={[Function]}
        onHideAfterConfirm={[Function]}
        reactNativeModalPropsIOS={Object {}}
        titleIOS="Pick a date"
      />
    </Styled(Item)>
    <ExerciseList />
    <ContactList />
    <Styled(Button)
      block={true}
      large={true}
      onPress={[Function]}
      success={true}
      testID="saveSessionButton"
    >
      <Styled(Text)>
         SAVE SESSION 
      </Styled(Text)>
    </Styled(Button)>
  </Styled(Content)>
</Container>
`;
