// Jest Snapshot v1, https://goo.gl/fbAQLP

exports[`CreateSession renders correctly 1`] = `
<Container
  style={
    Object {
      "backgroundColor": "#fff",
      "flex": 1,
      "height": 1334,
    }
  }
>
  <Styled(Content)
    padder={true}
    scrollEnabled={true}
  >
    <Styled(Text)>
       Title 
    </Styled(Text)>
    <Styled(Item)
      rounded={true}
    >
      <Styled(Input)
        onChangeText={[Function]}
        value={null}
      />
    </Styled(Item)>
    <Styled(Text)>
       Date 
    </Styled(Text)>
    <Styled(Item)
      rounded={true}
    >
      <DatePicker
        androidMode="default"
        onDateChange={[Function]}
        placeHolderText="Select date"
        value={0}
      />
    </Styled(Item)>
    <ExerciseList />
    <ContactList />
    <Styled(Button)
      block={true}
      large={true}
      onPress={[Function]}
      success={true}
    >
      <Styled(Text)>
         SAVE SESSION 
      </Styled(Text)>
    </Styled(Button)>
  </Styled(Content)>
</Container>
`;
