// Jest Snapshot v1, https://goo.gl/fbAQLP

exports[`ExerciseList renders correctly 1`] = `
<ViewNB
  style={Object {}}
>
  <RowNB>
    <Styled(Left)>
      <Styled(Text)
        style={
          Object {
            "fontSize": 30,
            "fontWeight": "600",
            "lineHeight": 45,
          }
        }
      >
        Exercises
      </Styled(Text)>
    </Styled(Left)>
    <Styled(Right)>
      <Styled(Button)
        block={true}
        onPress={[Function]}
        primary={true}
        testID="addExerciseButton"
      >
        <Styled(Text)>
           ADD EXERCISE 
        </Styled(Text)>
      </Styled(Button)>
    </Styled(Right)>
  </RowNB>
  <Styled(Card)
    style={
      Object {
        "marginBottom": "5%",
        "marginTop": "5%",
      }
    }
  >
    <Styled(ListItem)
      key="0"
    >
      <Styled(Left)
        onPress={[Function]}
      >
        <Styled(Text)>
           
          Squat
            
        </Styled(Text)>
      </Styled(Left)>
      <Styled(Body)>
        <Styled(Text)>
           
          12
           x 
          4
           
        </Styled(Text)>
      </Styled(Body)>
      <Styled(Right)>
        <Styled(Button)
          danger={true}
          onPress={[Function]}
        >
          <Styled(Icon)
            active={true}
            name="trash"
          />
        </Styled(Button)>
      </Styled(Right)>
    </Styled(ListItem)>
    <Styled(ListItem)
      key="1"
    >
      <Styled(Left)
        onPress={[Function]}
      >
        <Styled(Text)>
           
          Benchpress
            
        </Styled(Text)>
      </Styled(Left)>
      <Styled(Body)>
        <Styled(Text)>
           
          12
           x 
          4
           
        </Styled(Text)>
      </Styled(Body)>
      <Styled(Right)>
        <Styled(Button)
          danger={true}
          onPress={[Function]}
        >
          <Styled(Icon)
            active={true}
            name="trash"
          />
        </Styled(Button)>
      </Styled(Right)>
    </Styled(ListItem)>
    <Styled(ListItem)
      key="2"
    >
      <Styled(Left)
        onPress={[Function]}
      >
        <Styled(Text)>
           
          Pullup
            
        </Styled(Text)>
      </Styled(Left)>
      <Styled(Body)>
        <Styled(Text)>
           
          12
           x 
          4
           
        </Styled(Text)>
      </Styled(Body)>
      <Styled(Right)>
        <Styled(Button)
          danger={true}
          onPress={[Function]}
        >
          <Styled(Icon)
            active={true}
            name="trash"
          />
        </Styled(Button)>
      </Styled(Right)>
    </Styled(ListItem)>
    <Styled(ListItem)
      key="3"
    >
      <Styled(Left)
        onPress={[Function]}
      >
        <Styled(Text)>
           
          Row
            
        </Styled(Text)>
      </Styled(Left)>
      <Styled(Body)>
        <Styled(Text)>
           
          12
           x 
          4
           
        </Styled(Text)>
      </Styled(Body)>
      <Styled(Right)>
        <Styled(Button)
          danger={true}
          onPress={[Function]}
        >
          <Styled(Icon)
            active={true}
            name="trash"
          />
        </Styled(Button)>
      </Styled(Right)>
    </Styled(ListItem)>
  </Styled(Card)>
</ViewNB>
`;
