// Jest Snapshot v1, https://goo.gl/fbAQLP

exports[`ExerciseList renders correctly 1`] = `
<ViewNB
  style={Object {}}
>
  <RowNB>
    <Styled(Left)>
      <Styled(H2)>
        Exercises
      </Styled(H2)>
    </Styled(Left)>
    <Styled(Right)>
      <Styled(Button)
        block={true}
        primary={true}
      >
        <Styled(Text)>
           ADD EXERCISE 
        </Styled(Text)>
      </Styled(Button)>
    </Styled(Right)>
  </RowNB>
  <Styled(List)
    dataArray={
      Array [
        Object {
          "name": "Squat",
          "reps": "12",
          "sets": "4",
        },
        Object {
          "name": "Benchpress",
          "reps": "12",
          "sets": "4",
        },
        Object {
          "name": "Pullup",
          "reps": "12",
          "sets": "4",
        },
        Object {
          "name": "Row",
          "reps": "12",
          "sets": "4",
        },
      ]
    }
    renderRow={[Function]}
  />
</ViewNB>
`;
