// Jest Snapshot v1, https://goo.gl/fbAQLP

exports[`Home renders correctly 1`] = `
<_class>
  <ScrollView>
    <CalendarView
      navigation={
        Object {
          "navigate": [MockFunction],
        }
      }
    />
    <ShowSession />
  </ScrollView>
  <Styled(Fab)
    containerStyle={Object {}}
    onPress={[Function]}
    position="bottomRight"
    style={
      Object {
        "backgroundColor": "#5067FF",
      }
    }
    testID="addSessionButton"
  >
    <Styled(Icon)
      name="add"
      style={
        Object {
          "fontSize": 34,
          "lineHeight": 34,
        }
      }
    />
  </Styled(Fab)>
</_class>
`;
